=== Blocking with 2 ranks===
Calculating the Mandelbrot set with these arguments:

chunk_size = 10
size = (1000, 1000)
xlim = (-2.2, 0.75)
ylim = (-1.3, 1.3)
size_mpi = 2

=== Blocking with 4 ranks===
Calculating the Mandelbrot set with these arguments:

chunk_size = 10
size = (1000, 1000)
xlim = (-2.2, 0.75)
ylim = (-1.3, 1.3)
size_mpi = 4

=== Blocking with 6 ranks===
Calculating the Mandelbrot set with these arguments:

chunk_size = 10
size = (1000, 1000)
xlim = (-2.2, 0.75)
ylim = (-1.3, 1.3)
size_mpi = 6

=== Blocking with 8 ranks===
Calculating the Mandelbrot set with these arguments:

chunk_size = 10
size = (1000, 1000)
xlim = (-2.2, 0.75)
ylim = (-1.3, 1.3)
size_mpi = 8

=== Blocking with 10 ranks===
Calculating the Mandelbrot set with these arguments:

chunk_size = 10
size = (1000, 1000)
xlim = (-2.2, 0.75)
ylim = (-1.3, 1.3)
size_mpi = 10

=== Blocking with 12 ranks===
Calculating the Mandelbrot set with these arguments:

chunk_size = 10
size = (1000, 1000)
xlim = (-2.2, 0.75)
ylim = (-1.3, 1.3)
size_mpi = 12

=== Blocking with 14 ranks===
Calculating the Mandelbrot set with these arguments:

chunk_size = 10
size = (1000, 1000)
xlim = (-2.2, 0.75)
ylim = (-1.3, 1.3)
size_mpi = 14

=== Blocking with 16 ranks===
Calculating the Mandelbrot set with these arguments:

chunk_size = 10
size = (1000, 1000)
xlim = (-2.2, 0.75)
ylim = (-1.3, 1.3)
size_mpi = 16

total 192
-rw-r--r-- 1 s224059 s22  911 Oct  4 16:22 Blocking_N10.npy
-rw-r--r-- 1 s224059 s22  959 Oct  4 16:22 Blocking_N12.npy
-rw-r--r-- 1 s224059 s22 1007 Oct  4 16:22 Blocking_N14.npy
-rw-r--r-- 1 s224059 s22 1055 Oct  4 16:22 Blocking_N16.npy
-rw-r--r-- 1 s224059 s22  719 Oct  4 16:21 Blocking_N2.npy
-rw-r--r-- 1 s224059 s22  767 Oct  4 16:21 Blocking_N4.npy
-rw-r--r-- 1 s224059 s22  815 Oct  4 16:22 Blocking_N6.npy
-rw-r--r-- 1 s224059 s22  863 Oct  4 16:22 Blocking_N8.npy

------------------------------------------------------------
Sender: LSF System <lsfadmin@hpc.dtu.dk>
Subject: Job 29584856: <Blocking> in cluster <dcc> Done

Job <Blocking> was submitted from host <n-62-30-1> by user <s224059> in cluster <dcc> at Sun Oct  4 16:20:56 2026
Job was executed on host(s) <16*n-62-21-75>, in queue <hpcintro>, as user <s224059> in cluster <dcc> at Sun Oct  4 16:20:58 2026
</zhome/f3/8/187578> was used as the home directory.
</zhome/f3/8/187578/Desktop/02616_LSM/02616_Group12/PROJECT1/src> was used as the working directory.
Started at Sun Oct  4 16:20:58 2026
Terminated at Sun Oct  4 16:23:00 2026
Results reported at Sun Oct  4 16:23:00 2026

Your job looked like:

------------------------------------------------------------
# LSBATCH: User input
#!/bin/bash
#BSUB -J Blocking
#BSUB -o ../outputs/out/Blocking%J.out
#BSUB -e ../outputs/err/Blocking%J.err
#BSUB -q hpcintro
#BSUB -W 00:05
## #BUSB -M 128MB
#BSUB -R "rusage[mem=1GB]"
#BSUB -n 16
#BSUB -R "span[hosts=1]"


###               hpcintro queue only has XeonE5_2650v4
###                       vvvvvvvvvvvvv
## #BSUB -R "select[model==XeonE5_2650v4]" 

## OBS!!!: This script has to executed from the PROJECT1/src folder
## for the paths to work out
## From src folder execute line below: 
## bsub < ../submit_scripts/template.sh

source ../modules.sh

for n in 2 4 6 8 10 12 14 16; do
    echo "=== Blocking with $n ranks==="
    mpirun -np $n python3 Blocking/Mandelbrot_Blocking_scaleTest.py
done
ls -l ../results/Blocking

------------------------------------------------------------

Successfully completed.

Resource usage summary:

    CPU time :                                   497.49 sec.
    Max Memory :                                 1241 MB
    Average Memory :                             892.33 MB
    Total Requested Memory :                     16384.00 MB
    Delta Memory :                               15143.00 MB
    Max Swap :                                   -
    Max Processes :                              18
    Max Threads :                                49
    Run time :                                   122 sec.
    Turnaround time :                            124 sec.

The output (if any) is above this job summary.



PS:

Read file <../outputs/err/Blocking29584856.err> for stderr output of this job.

