
------------------------------------------------------------
Sender: LSF System <lsfadmin@hpc.dtu.dk>
Subject: Job 29584896: <Plot_scaling> in cluster <dcc> Done

Job <Plot_scaling> was submitted from host <n-62-30-1> by user <s224059> in cluster <dcc> at Sun Oct  4 16:24:30 2026
Job was executed on host(s) <4*n-62-21-47>, in queue <hpcintro>, as user <s224059> in cluster <dcc> at Sun Oct  4 16:24:31 2026
</zhome/f3/8/187578> was used as the home directory.
</zhome/f3/8/187578/Desktop/02616_LSM/02616_Group12/PROJECT1/src> was used as the working directory.
Started at Sun Oct  4 16:24:31 2026
Terminated at Sun Oct  4 16:24:34 2026
Results reported at Sun Oct  4 16:24:34 2026

Your job looked like:

------------------------------------------------------------
# LSBATCH: User input
#!/bin/bash
#BSUB -J Plot_scaling
#BSUB -o ../outputs/out/Plot_scaling%J.out
#BSUB -e ../outputs/err/Plot_scaling%J.err
#BSUB -q hpcintro
#BSUB -W 00:05
## #BUSB -M 128MB
#BSUB -R "rusage[mem=1GB]"
#BSUB -n 4
#BSUB -R "span[ptile=4]"


###               hpcintro queue only has XeonE5_2650v4
###                       vvvvvvvvvvvvv
## #BSUB -R "select[model==XeonE5_2650v4]" 

## OBS!!!: This script has to executed from the PROJECT1/src folder
## for the paths to work out
## From src folder execute line below: 
## bsub < ../submit_scripts/template.sh

source ../modules.sh
# source ../.venv/bin/activate

mpirun python3 Plotting/scaling.py
------------------------------------------------------------

Successfully completed.

Resource usage summary:

    CPU time :                                   8.51 sec.
    Max Memory :                                 1 MB
    Average Memory :                             1.00 MB
    Total Requested Memory :                     4096.00 MB
    Delta Memory :                               4095.00 MB
    Max Swap :                                   -
    Max Processes :                              1
    Max Threads :                                1
    Run time :                                   3 sec.
    Turnaround time :                            4 sec.

The output (if any) is above this job summary.



PS:

Read file <../outputs/err/Plot_scaling29584896.err> for stderr output of this job.

